[INFO] Scanning for projects...
[INFO] 
[INFO] --------------< com.flash_loan.bank:transaction-service >---------------
[INFO] Building  0.0.1-SNAPSHOT
[INFO]   from pom.xml
[INFO] --------------------------------[ jar ]---------------------------------
[INFO] 
[INFO] --- clean:3.5.0:clean (default-clean) @ transaction-service ---
[INFO] Deleting C:\Users\soporte\Documents\flashLoanBank\FlashLoanBankProject\transaction-service\target
[INFO] 
[INFO] --- resources:3.3.1:resources (default-resources) @ transaction-service ---
[INFO] Copying 1 resource from src\main\resources to target\classes
[INFO] Copying 0 resource from src\main\resources to target\classes
[INFO] 
[INFO] --- compiler:3.14.1:compile (default-compile) @ transaction-service ---
[INFO] Recompiling the module because of changed source code.
[INFO] Compiling 11 source files with javac [debug parameters release 17] to target\classes
[INFO] -------------------------------------------------------------
[ERROR] COMPILATION ERROR : 
[INFO] -------------------------------------------------------------
[ERROR] /C:/Users/soporte/Documents/flashLoanBank/FlashLoanBankProject/transaction-service/src/main/java/com/flash_loan/bank/transaction_service/infrastructure/adapters/out/MockAccountValidationAdapter.java:[26,12] cannot find symbol
  symbol:   class Maybe
  location: class com.flash_loan.bank.transaction_service.infrastructure.adapters.out.MockAccountValidationAdapter
[INFO] 1 error
[INFO] -------------------------------------------------------------
[INFO] ------------------------------------------------------------------------
[INFO] BUILD FAILURE
[INFO] ------------------------------------------------------------------------
[INFO] Total time:  4.490 s
[INFO] Finished at: 2026-03-24T21:06:39-05:00
[INFO] ------------------------------------------------------------------------
[ERROR] Failed to execute goal org.apache.maven.plugins:maven-compiler-plugin:3.14.1:compile (default-compile) on project transaction-service: Compilation failure
[ERROR] /C:/Users/soporte/Documents/flashLoanBank/FlashLoanBankProject/transaction-service/src/main/java/com/flash_loan/bank/transaction_service/infrastructure/adapters/out/MockAccountValidationAdapter.java:[26,12] cannot find symbol
[ERROR]   symbol:   class Maybe
[ERROR]   location: class com.flash_loan.bank.transaction_service.infrastructure.adapters.out.MockAccountValidationAdapter
[ERROR] 
[ERROR] -> [Help 1]
[ERROR] 
[ERROR] To see the full stack trace of the errors, re-run Maven with the -e switch.
[ERROR] Re-run Maven using the -X switch to enable full debug logging.
[ERROR] 
[ERROR] For more information about the errors and possible solutions, please read the following articles:
[ERROR] [Help 1] http://cwiki.apache.org/confluence/display/MAVEN/MojoFailureException
